// Jest Snapshot v1, https://goo.gl/fbAQLP

exports[`Places matches snapshot (sorry Zane) 1`] = `
[
  "Beachside",
  "Union Kitchen & Tap",
  "1st Street Bar & Grill",
  "Roxy's",
  "Home & Away",
  "Culture",
  "Biergarten",
  "Death By Tequila",
  "3rd Corner Wine Shop",
  "Encinitas Ale House",
]
`;
